[0/5] 检查 22 主机 ROCm 环境
  Name:                    AMD Ryzen 5 9600X 6-Core Processor 
  Marketing Name:          AMD Ryzen 5 9600X 6-Core Processor 
  Vendor Name:             CPU                                
  Name:                    gfx1201                            
  Marketing Name:          AMD Radeon RX 9070 XT              
  Vendor Name:             AMD                                
      Name:                    amdgcn-amd-amdhsa--gfx1201         
      Name:                    amdgcn-amd-amdhsa--gfx12-generic   
  Name:                    gfx1036                            
  Marketing Name:          AMD Radeon Graphics                
  Vendor Name:             AMD                                
      Name:                    amdgcn-amd-amdhsa--gfx1036         
      Name:                    amdgcn-amd-amdhsa--gfx10-3-generic 
GPU: AMD Radeon RX 9070 XT
ROCm version:
7.2.0
[1/5] 创建 venv: /home/amd/HEZIMENG/MaoField/experiments/exp018_cat/.venv
Requirement already satisfied: pip in ./.venv/lib/python3.12/site-packages (24.0)
Collecting pip
  Using cached pip-26.1.1-py3-none-any.whl.metadata (4.6 kB)
Collecting wheel
  Using cached wheel-0.47.0-py3-none-any.whl.metadata (2.3 kB)
Collecting setuptools
  Using cached setuptools-82.0.1-py3-none-any.whl.metadata (6.5 kB)
Collecting packaging>=24.0 (from wheel)
  Using cached packaging-26.2-py3-none-any.whl.metadata (3.5 kB)
Using cached pip-26.1.1-py3-none-any.whl (1.8 MB)
Using cached wheel-0.47.0-py3-none-any.whl (32 kB)
Using cached setuptools-82.0.1-py3-none-any.whl (1.0 MB)
Using cached packaging-26.2-py3-none-any.whl (100 kB)
Installing collected packages: setuptools, pip, packaging, wheel
  Attempting uninstall: pip
    Found existing installation: pip 24.0
    Uninstalling pip-24.0:
      Successfully uninstalled pip-24.0
Successfully installed packaging-26.2 pip-26.1.1 setuptools-82.0.1 wheel-0.47.0
[2/5] 安装 PyTorch ROCm (~5-10min, ~3GB)
  using torch index: https://download.pytorch.org/whl/rocm6.2
Looking in indexes: https://download.pytorch.org/whl/rocm6.2
Collecting torch==2.5.1+rocm6.2
  Downloading torch-2.5.1%2Brocm6.2-cp312-cp312-linux_x86_64.whl (3973.5 MB)
     ━━━━━━━━━━━━━━━━━━━━━━━━━━━━━━━━━━━━━━━━ 4.0/4.0 GB 21.7 MB/s  0:02:49
Collecting torchvision==0.20.1+rocm6.2
  Downloading torchvision-0.20.1%2Brocm6.2-cp312-cp312-linux_x86_64.whl (2.6 MB)
     ━━━━━━━━━━━━━━━━━━━━━━━━━━━━━━━━━━━━━━━━ 2.6/2.6 MB 22.8 MB/s  0:00:00
Collecting filelock (from torch==2.5.1+rocm6.2)
  Using cached filelock-3.29.0-py3-none-any.whl.metadata (2.0 kB)
Collecting typing-extensions>=4.8.0 (from torch==2.5.1+rocm6.2)
  Using cached typing_extensions-4.15.0-py3-none-any.whl.metadata (3.3 kB)
Collecting networkx (from torch==2.5.1+rocm6.2)
  Using cached networkx-3.6.1-py3-none-any.whl.metadata (6.8 kB)
Collecting jinja2 (from torch==2.5.1+rocm6.2)
  Using cached jinja2-3.1.6-py3-none-any.whl.metadata (2.9 kB)
Collecting fsspec (from torch==2.5.1+rocm6.2)
  Using cached fsspec-2026.4.0-py3-none-any.whl.metadata (10 kB)
Collecting pytorch-triton-rocm==3.1.0 (from torch==2.5.1+rocm6.2)
  Downloading pytorch_triton_rocm-3.1.0-cp312-cp312-linux_x86_64.whl (344.8 MB)
     ━━━━━━━━━━━━━━━━━━━━━━━━━━━━━━━━━━━━━━━━ 344.8/344.8 MB 21.9 MB/s  0:00:14
Requirement already satisfied: setuptools in ./.venv/lib/python3.12/site-packages (from torch==2.5.1+rocm6.2) (82.0.1)
Collecting sympy==1.13.1 (from torch==2.5.1+rocm6.2)
  Downloading sympy-1.13.1-py3-none-any.whl.metadata (12 kB)
Collecting numpy (from torchvision==0.20.1+rocm6.2)
  Using cached numpy-2.4.4-cp312-cp312-manylinux_2_27_x86_64.manylinux_2_28_x86_64.whl.metadata (6.6 kB)
Collecting pillow!=8.3.*,>=5.3.0 (from torchvision==0.20.1+rocm6.2)
  Using cached pillow-12.2.0-cp312-cp312-manylinux_2_27_x86_64.manylinux_2_28_x86_64.whl.metadata (8.8 kB)
Collecting mpmath<1.4,>=1.1.0 (from sympy==1.13.1->torch==2.5.1+rocm6.2)
  Using cached mpmath-1.3.0-py3-none-any.whl.metadata (8.6 kB)
Collecting MarkupSafe>=2.0 (from jinja2->torch==2.5.1+rocm6.2)
  Using cached markupsafe-3.0.3-cp312-cp312-manylinux2014_x86_64.manylinux_2_17_x86_64.manylinux_2_28_x86_64.whl.metadata (2.7 kB)
Downloading sympy-1.13.1-py3-none-any.whl (6.2 MB)
   ━━━━━━━━━━━━━━━━━━━━━━━━━━━━━━━━━━━━━━━━ 6.2/6.2 MB 62.1 MB/s  0:00:00
Using cached mpmath-1.3.0-py3-none-any.whl (536 kB)
Using cached pillow-12.2.0-cp312-cp312-manylinux_2_27_x86_64.manylinux_2_28_x86_64.whl (7.1 MB)
Using cached typing_extensions-4.15.0-py3-none-any.whl (44 kB)
Using cached filelock-3.29.0-py3-none-any.whl (39 kB)
Using cached fsspec-2026.4.0-py3-none-any.whl (203 kB)
Using cached jinja2-3.1.6-py3-none-any.whl (134 kB)
Using cached markupsafe-3.0.3-cp312-cp312-manylinux2014_x86_64.manylinux_2_17_x86_64.manylinux_2_28_x86_64.whl (22 kB)
Using cached networkx-3.6.1-py3-none-any.whl (2.1 MB)
Using cached numpy-2.4.4-cp312-cp312-manylinux_2_27_x86_64.manylinux_2_28_x86_64.whl (16.6 MB)
Installing collected packages: mpmath, typing-extensions, sympy, pillow, numpy, networkx, MarkupSafe, fsspec, filelock, pytorch-triton-rocm, jinja2, torch, torchvision

Successfully installed MarkupSafe-3.0.3 filelock-3.29.0 fsspec-2026.4.0 jinja2-3.1.6 mpmath-1.3.0 networkx-3.6.1 numpy-2.4.4 pillow-12.2.0 pytorch-triton-rocm-3.1.0 sympy-1.13.1 torch-2.5.1+rocm6.2 torchvision-0.20.1+rocm6.2 typing-extensions-4.15.0
[3/5] 安装 transformers + datasets + 工具
Collecting transformers<4.50,>=4.41
  Using cached transformers-4.49.0-py3-none-any.whl.metadata (44 kB)
Collecting datasets<3.0,>=2.18
  Using cached datasets-2.21.0-py3-none-any.whl.metadata (21 kB)
Collecting accelerate>=0.30
  Using cached accelerate-1.13.0-py3-none-any.whl.metadata (19 kB)
Collecting tokenizers>=0.19
  Using cached tokenizers-0.23.1-cp310-abi3-manylinux_2_17_x86_64.manylinux2014_x86_64.whl.metadata (9.8 kB)
Collecting pyyaml
  Using cached pyyaml-6.0.3-cp312-cp312-manylinux2014_x86_64.manylinux_2_17_x86_64.manylinux_2_28_x86_64.whl.metadata (2.4 kB)
Collecting tqdm
  Using cached tqdm-4.67.3-py3-none-any.whl.metadata (57 kB)
Collecting numpy<2.0
  Using cached numpy-1.26.4-cp312-cp312-manylinux_2_17_x86_64.manylinux2014_x86_64.whl.metadata (61 kB)
Collecting scipy
  Using cached scipy-1.17.1-cp312-cp312-manylinux_2_27_x86_64.manylinux_2_28_x86_64.whl.metadata (62 kB)
Requirement already satisfied: filelock in ./.venv/lib/python3.12/site-packages (from transformers<4.50,>=4.41) (3.29.0)
Collecting huggingface-hub<1.0,>=0.26.0 (from transformers<4.50,>=4.41)
  Using cached huggingface_hub-0.36.2-py3-none-any.whl.metadata (15 kB)
Requirement already satisfied: packaging>=20.0 in ./.venv/lib/python3.12/site-packages (from transformers<4.50,>=4.41) (26.2)
Collecting regex!=2019.12.17 (from transformers<4.50,>=4.41)
  Downloading regex-2026.5.9-cp312-cp312-manylinux2014_x86_64.manylinux_2_17_x86_64.manylinux_2_28_x86_64.whl.metadata (40 kB)
Collecting requests (from transformers<4.50,>=4.41)
  Downloading requests-2.34.2-py3-none-any.whl.metadata (4.8 kB)
Collecting tokenizers>=0.19
  Using cached tokenizers-0.21.4-cp39-abi3-manylinux_2_17_x86_64.manylinux2014_x86_64.whl.metadata (6.7 kB)
Collecting safetensors>=0.4.1 (from transformers<4.50,>=4.41)
  Using cached safetensors-0.7.0-cp38-abi3-manylinux_2_17_x86_64.manylinux2014_x86_64.whl.metadata (4.1 kB)
Collecting pyarrow>=15.0.0 (from datasets<3.0,>=2.18)
  Using cached pyarrow-24.0.0-cp312-cp312-manylinux_2_28_x86_64.whl.metadata (3.0 kB)
Collecting dill<0.3.9,>=0.3.0 (from datasets<3.0,>=2.18)
  Using cached dill-0.3.8-py3-none-any.whl.metadata (10 kB)
Collecting pandas (from datasets<3.0,>=2.18)
  Downloading pandas-3.0.3-cp312-cp312-manylinux_2_24_x86_64.manylinux_2_28_x86_64.whl.metadata (79 kB)
Collecting xxhash (from datasets<3.0,>=2.18)
  Using cached xxhash-3.7.0-cp312-cp312-manylinux2014_x86_64.manylinux_2_17_x86_64.manylinux_2_28_x86_64.whl.metadata (13 kB)
Collecting multiprocess (from datasets<3.0,>=2.18)
  Using cached multiprocess-0.70.19-py312-none-any.whl.metadata (7.5 kB)
Collecting fsspec<=2024.6.1,>=2023.1.0 (from fsspec[http]<=2024.6.1,>=2023.1.0->datasets<3.0,>=2.18)
  Using cached fsspec-2024.6.1-py3-none-any.whl.metadata (11 kB)
Collecting aiohttp (from datasets<3.0,>=2.18)
  Using cached aiohttp-3.13.5-cp312-cp312-manylinux2014_x86_64.manylinux_2_17_x86_64.manylinux_2_28_x86_64.whl.metadata (8.1 kB)
Collecting hf-xet<2.0.0,>=1.1.3 (from huggingface-hub<1.0,>=0.26.0->transformers<4.50,>=4.41)
  Using cached hf_xet-1.5.0-cp37-abi3-manylinux2014_x86_64.manylinux_2_17_x86_64.whl.metadata (4.9 kB)
Requirement already satisfied: typing-extensions>=3.7.4.3 in ./.venv/lib/python3.12/site-packages (from huggingface-hub<1.0,>=0.26.0->transformers<4.50,>=4.41) (4.15.0)
Collecting psutil (from accelerate>=0.30)
  Using cached psutil-7.2.2-cp36-abi3-manylinux2010_x86_64.manylinux_2_12_x86_64.manylinux_2_28_x86_64.whl.metadata (22 kB)
Requirement already satisfied: torch>=2.0.0 in ./.venv/lib/python3.12/site-packages (from accelerate>=0.30) (2.5.1+rocm6.2)
Collecting aiohappyeyeballs>=2.5.0 (from aiohttp->datasets<3.0,>=2.18)
  Downloading aiohappyeyeballs-2.6.2-py3-none-any.whl.metadata (5.9 kB)
Collecting aiosignal>=1.4.0 (from aiohttp->datasets<3.0,>=2.18)
  Using cached aiosignal-1.4.0-py3-none-any.whl.metadata (3.7 kB)
Collecting attrs>=17.3.0 (from aiohttp->datasets<3.0,>=2.18)
  Using cached attrs-26.1.0-py3-none-any.whl.metadata (8.8 kB)
Collecting frozenlist>=1.1.1 (from aiohttp->datasets<3.0,>=2.18)
  Using cached frozenlist-1.8.0-cp312-cp312-manylinux1_x86_64.manylinux_2_28_x86_64.manylinux_2_5_x86_64.whl.metadata (20 kB)
Collecting multidict<7.0,>=4.5 (from aiohttp->datasets<3.0,>=2.18)
  Using cached multidict-6.7.1-cp312-cp312-manylinux2014_x86_64.manylinux_2_17_x86_64.manylinux_2_28_x86_64.whl.metadata (5.3 kB)
Collecting propcache>=0.2.0 (from aiohttp->datasets<3.0,>=2.18)
  Downloading propcache-0.5.2-cp312-cp312-manylinux2014_x86_64.manylinux_2_17_x86_64.manylinux_2_28_x86_64.whl.metadata (16 kB)
Collecting yarl<2.0,>=1.17.0 (from aiohttp->datasets<3.0,>=2.18)
  Downloading yarl-1.24.2-cp312-cp312-manylinux2014_x86_64.manylinux_2_17_x86_64.manylinux_2_28_x86_64.whl.metadata (94 kB)
Collecting idna>=2.0 (from yarl<2.0,>=1.17.0->aiohttp->datasets<3.0,>=2.18)
  Downloading idna-3.15-py3-none-any.whl.metadata (7.7 kB)
Collecting charset_normalizer<4,>=2 (from requests->transformers<4.50,>=4.41)
  Using cached charset_normalizer-3.4.7-cp312-cp312-manylinux2014_x86_64.manylinux_2_17_x86_64.manylinux_2_28_x86_64.whl.metadata (40 kB)
Collecting urllib3<3,>=1.26 (from requests->transformers<4.50,>=4.41)
  Downloading urllib3-2.7.0-py3-none-any.whl.metadata (6.9 kB)
Collecting certifi>=2023.5.7 (from requests->transformers<4.50,>=4.41)
  Downloading certifi-2026.5.20-py3-none-any.whl.metadata (2.5 kB)
Requirement already satisfied: networkx in ./.venv/lib/python3.12/site-packages (from torch>=2.0.0->accelerate>=0.30) (3.6.1)
Requirement already satisfied: jinja2 in ./.venv/lib/python3.12/site-packages (from torch>=2.0.0->accelerate>=0.30) (3.1.6)
Requirement already satisfied: pytorch-triton-rocm==3.1.0 in ./.venv/lib/python3.12/site-packages (from torch>=2.0.0->accelerate>=0.30) (3.1.0)
Requirement already satisfied: setuptools in ./.venv/lib/python3.12/site-packages (from torch>=2.0.0->accelerate>=0.30) (82.0.1)
Requirement already satisfied: sympy==1.13.1 in ./.venv/lib/python3.12/site-packages (from torch>=2.0.0->accelerate>=0.30) (1.13.1)
Requirement already satisfied: mpmath<1.4,>=1.1.0 in ./.venv/lib/python3.12/site-packages (from sympy==1.13.1->torch>=2.0.0->accelerate>=0.30) (1.3.0)
Requirement already satisfied: MarkupSafe>=2.0 in ./.venv/lib/python3.12/site-packages (from jinja2->torch>=2.0.0->accelerate>=0.30) (3.0.3)
INFO: pip is looking at multiple versions of multiprocess to determine which version is compatible with other requirements. This could take a while.
Collecting multiprocess (from datasets<3.0,>=2.18)
  Using cached multiprocess-0.70.18-py312-none-any.whl.metadata (7.5 kB)
  Using cached multiprocess-0.70.17-py312-none-any.whl.metadata (7.2 kB)
  Using cached multiprocess-0.70.16-py312-none-any.whl.metadata (7.2 kB)
Collecting python-dateutil>=2.8.2 (from pandas->datasets<3.0,>=2.18)
  Using cached python_dateutil-2.9.0.post0-py2.py3-none-any.whl.metadata (8.4 kB)
Collecting six>=1.5 (from python-dateutil>=2.8.2->pandas->datasets<3.0,>=2.18)
  Using cached six-1.17.0-py2.py3-none-any.whl.metadata (1.7 kB)
Using cached transformers-4.49.0-py3-none-any.whl (10.0 MB)
Using cached datasets-2.21.0-py3-none-any.whl (527 kB)
Using cached tokenizers-0.21.4-cp39-abi3-manylinux_2_17_x86_64.manylinux2014_x86_64.whl (3.1 MB)
Using cached numpy-1.26.4-cp312-cp312-manylinux_2_17_x86_64.manylinux2014_x86_64.whl (18.0 MB)
Using cached dill-0.3.8-py3-none-any.whl (116 kB)
Using cached fsspec-2024.6.1-py3-none-any.whl (177 kB)
Using cached huggingface_hub-0.36.2-py3-none-any.whl (566 kB)
Using cached hf_xet-1.5.0-cp37-abi3-manylinux2014_x86_64.manylinux_2_17_x86_64.whl (4.5 MB)
Using cached accelerate-1.13.0-py3-none-any.whl (383 kB)
Using cached pyyaml-6.0.3-cp312-cp312-manylinux2014_x86_64.manylinux_2_17_x86_64.manylinux_2_28_x86_64.whl (807 kB)
Using cached tqdm-4.67.3-py3-none-any.whl (78 kB)
Using cached scipy-1.17.1-cp312-cp312-manylinux_2_27_x86_64.manylinux_2_28_x86_64.whl (35.2 MB)
Using cached aiohttp-3.13.5-cp312-cp312-manylinux2014_x86_64.manylinux_2_17_x86_64.manylinux_2_28_x86_64.whl (1.8 MB)
Using cached multidict-6.7.1-cp312-cp312-manylinux2014_x86_64.manylinux_2_17_x86_64.manylinux_2_28_x86_64.whl (256 kB)
Downloading yarl-1.24.2-cp312-cp312-manylinux2014_x86_64.manylinux_2_17_x86_64.manylinux_2_28_x86_64.whl (105 kB)
Downloading aiohappyeyeballs-2.6.2-py3-none-any.whl (15 kB)
Using cached aiosignal-1.4.0-py3-none-any.whl (7.5 kB)
Using cached attrs-26.1.0-py3-none-any.whl (67 kB)
Using cached frozenlist-1.8.0-cp312-cp312-manylinux1_x86_64.manylinux_2_28_x86_64.manylinux_2_5_x86_64.whl (242 kB)
Downloading idna-3.15-py3-none-any.whl (72 kB)
Downloading propcache-0.5.2-cp312-cp312-manylinux2014_x86_64.manylinux_2_17_x86_64.manylinux_2_28_x86_64.whl (61 kB)
Using cached pyarrow-24.0.0-cp312-cp312-manylinux_2_28_x86_64.whl (48.9 MB)
Downloading regex-2026.5.9-cp312-cp312-manylinux2014_x86_64.manylinux_2_17_x86_64.manylinux_2_28_x86_64.whl (801 kB)
   ━━━━━━━━━━━━━━━━━━━━━━━━━━━━━━━━━━━━━━━━ 801.2/801.2 kB 27.3 MB/s  0:00:00
Downloading requests-2.34.2-py3-none-any.whl (73 kB)
Using cached charset_normalizer-3.4.7-cp312-cp312-manylinux2014_x86_64.manylinux_2_17_x86_64.manylinux_2_28_x86_64.whl (216 kB)
Downloading urllib3-2.7.0-py3-none-any.whl (131 kB)
Downloading certifi-2026.5.20-py3-none-any.whl (134 kB)
Using cached safetensors-0.7.0-cp38-abi3-manylinux_2_17_x86_64.manylinux2014_x86_64.whl (507 kB)
Using cached multiprocess-0.70.16-py312-none-any.whl (146 kB)
Downloading pandas-3.0.3-cp312-cp312-manylinux_2_24_x86_64.manylinux_2_28_x86_64.whl (10.9 MB)
   ━━━━━━━━━━━━━━━━━━━━━━━━━━━━━━━━━━━━━━━━ 10.9/10.9 MB 22.1 MB/s  0:00:00
Using cached python_dateutil-2.9.0.post0-py2.py3-none-any.whl (229 kB)
Using cached six-1.17.0-py2.py3-none-any.whl (11 kB)
Using cached psutil-7.2.2-cp36-abi3-manylinux2010_x86_64.manylinux_2_12_x86_64.manylinux_2_28_x86_64.whl (155 kB)
Using cached xxhash-3.7.0-cp312-cp312-manylinux2014_x86_64.manylinux_2_17_x86_64.manylinux_2_28_x86_64.whl (193 kB)
Installing collected packages: xxhash, urllib3, tqdm, six, safetensors, regex, pyyaml, pyarrow, psutil, propcache, numpy, multidict, idna, hf-xet, fsspec, frozenlist, dill, charset_normalizer, certifi, attrs, aiohappyeyeballs, yarl, scipy, requests, python-dateutil, multiprocess, aiosignal, pandas, huggingface-hub, aiohttp, tokenizers, accelerate, transformers, datasets
  Attempting uninstall: numpy
    Found existing installation: numpy 2.4.4
    Uninstalling numpy-2.4.4:
      Successfully uninstalled numpy-2.4.4
  Attempting uninstall: fsspec
    Found existing installation: fsspec 2026.4.0
    Uninstalling fsspec-2026.4.0:
      Successfully uninstalled fsspec-2026.4.0

Successfully installed accelerate-1.13.0 aiohappyeyeballs-2.6.2 aiohttp-3.13.5 aiosignal-1.4.0 attrs-26.1.0 certifi-2026.5.20 charset_normalizer-3.4.7 datasets-2.21.0 dill-0.3.8 frozenlist-1.8.0 fsspec-2024.6.1 hf-xet-1.5.0 huggingface-hub-0.36.2 idna-3.15 multidict-6.7.1 multiprocess-0.70.16 numpy-1.26.4 pandas-3.0.3 propcache-0.5.2 psutil-7.2.2 pyarrow-24.0.0 python-dateutil-2.9.0.post0 pyyaml-6.0.3 regex-2026.5.9 requests-2.34.2 safetensors-0.7.0 scipy-1.17.1 six-1.17.0 tokenizers-0.21.4 tqdm-4.67.3 transformers-4.49.0 urllib3-2.7.0 xxhash-3.7.0 yarl-1.24.2
[4/5] 验证 torch 看到 GPU
torch version: 2.5.1+rocm6.2
cuda available (ROCm 走 cuda API): True
device count: 2
device name: AMD Radeon RX 9070 XT
Traceback (most recent call last):
  File "<stdin>", line 7, in <module>
RuntimeError: HIP error: invalid device function
HIP kernel errors might be asynchronously reported at some other API call, so the stacktrace below might be incorrect.
For debugging consider passing AMD_SERIALIZE_KERNEL=3
Compile with `TORCH_USE_HIP_DSA` to enable device-side assertions.

