=== uninstall 老 wheel + install rocm7.2 stable wheel ===
2026-05-21 13:30:22 CST
Found existing installation: torch 2.5.1+rocm6.2
Uninstalling torch-2.5.1+rocm6.2:
  Successfully uninstalled torch-2.5.1+rocm6.2
Found existing installation: torchvision 0.20.1+rocm6.2
Uninstalling torchvision-0.20.1+rocm6.2:
  Successfully uninstalled torchvision-0.20.1+rocm6.2
Found existing installation: pytorch-triton-rocm 3.1.0
Uninstalling pytorch-triton-rocm-3.1.0:
  Successfully uninstalled pytorch-triton-rocm-3.1.0
--- uninstall done, install rocm7.2 ---
Requirement already satisfied: pillow!=8.3.*,>=5.3.0 in ./experiments/exp018_cat/.venv/lib/python3.12/site-packages (from torchvision) (12.2.0)
Requirement already satisfied: mpmath<1.4,>=1.1.0 in ./experiments/exp018_cat/.venv/lib/python3.12/site-packages (from sympy>=1.13.3->torch) (1.3.0)
Requirement already satisfied: MarkupSafe>=2.0 in ./experiments/exp018_cat/.venv/lib/python3.12/site-packages (from jinja2->torch) (3.0.3)
Downloading triton_rocm-3.7.0-cp312-cp312-linux_x86_64.whl (315.4 MB)
   ━━━━━━━━━━━━━━━━━━━━━━━━━━━━━━━━━━━━━━━━ 315.4/315.4 MB 15.9 MB/s  0:00:19
Using cached setuptools-70.2.0-py3-none-any.whl (930 kB)
Downloading torchvision-0.27.0%2Brocm7.2-cp312-cp312-manylinux_2_28_x86_64.whl (3.6 MB)
   ━━━━━━━━━━━━━━━━━━━━━━━━━━━━━━━━━━━━━━━━ 3.6/3.6 MB 7.0 MB/s  0:00:00
Using cached sympy-1.14.0-py3-none-any.whl (6.3 MB)
Installing collected packages: triton-rocm, sympy, setuptools, torch, torchvision
  Attempting uninstall: sympy
    Found existing installation: sympy 1.13.1
    Uninstalling sympy-1.13.1:
      Successfully uninstalled sympy-1.13.1
  Attempting uninstall: setuptools
    Found existing installation: setuptools 82.0.1
    Uninstalling setuptools-82.0.1:
      Successfully uninstalled setuptools-82.0.1

Successfully installed setuptools-70.2.0 sympy-1.14.0 torch-2.12.0+rocm7.2 torchvision-0.27.0+rocm7.2 triton-rocm-3.7.0
