[2026-05-21T05:44:50Z] === D-PPL bridge launch script start ===
[2026-05-21T05:44:50Z] mode: pilot
[2026-05-21T05:44:50Z] D-1 binding: zero-context, 不 inflate, 不 declare P0★-F close
[2026-05-21T05:44:50Z] args: {'mode': 'pilot', 'ckpt_root': '/home/amd/HEZIMENG/MaoField_static_backup_20260520/experiments/exp018_cat/data/checkpoints_armb', 'alpha': 10.0, 'seed': 1, 'gen': 5, 'alphas': None, 'seeds': None, 'gens': None, 'paths': 'B,C', 'val_seed': 1, 'val_subset_size': 256, 'val_max_length': 64, 'batch_size': 8, 'dtype': 'fp32', 'output_jsonl': PosixPath('output/pilot_D21_seed1_gen5.jsonl'), 'log_file': PosixPath('output/pilot_D21.log'), 'rsync_push_after_each_tuple': False, 'rsync_target': None}
[2026-05-21T05:44:50Z] real date verify: 2026-05-21 13:44:50
[2026-05-21T05:44:50Z] total tuples: 2
Traceback (most recent call last):
  File "/tmp/dppl_bridge_verify/launch_dppl_bridge.py", line 578, in <module>
    main()
  File "/tmp/dppl_bridge_verify/launch_dppl_bridge.py", line 498, in main
    write_jsonl(output_jsonl, {
  File "/tmp/dppl_bridge_verify/launch_dppl_bridge.py", line 63, in write_jsonl
    f.write(json.dumps(entry, ensure_ascii=False) + "\n")
            ^^^^^^^^^^^^^^^^^^^^^^^^^^^^^^^^^^^^^
  File "/usr/lib/python3.12/json/__init__.py", line 238, in dumps
    **kw).encode(obj)
          ^^^^^^^^^^^
  File "/usr/lib/python3.12/json/encoder.py", line 200, in encode
    chunks = self.iterencode(o, _one_shot=True)
             ^^^^^^^^^^^^^^^^^^^^^^^^^^^^^^^^^^
  File "/usr/lib/python3.12/json/encoder.py", line 258, in iterencode
    return _iterencode(o, 0)
           ^^^^^^^^^^^^^^^^^
  File "/usr/lib/python3.12/json/encoder.py", line 180, in default
    raise TypeError(f'Object of type {o.__class__.__name__} '
TypeError: Object of type PosixPath is not JSON serializable
