[2026-05-10 12:58:05] chain_start ts="20260510_125805" alphas="0.0 10.0" seeds="0 1 2 3 4" max_retry=3
[2026-05-10 12:58:05] job_start alpha=0.0 seed=0 attempt=1 log="logs/phase1_robust_alpha0.0_seed0_attempt1_20260510_125805.log"
scripts/phase1_robust_chain.sh: 第 62 行： 2734520 已中止               （核心已转储） env HF_ENDPOINT=https://hf-mirror.com HIP_VISIBLE_DEVICES=0 CUDA_VISIBLE_DEVICES=0 .venv/bin/python src/run_arm_b_alpha_scan.py --config configs/cat_arm_b.yaml --alpha "$ALPHA" --seed "$SEED" --num-generations 10 > "$RUN_LOG" 2>&1
[2026-05-10 12:58:22] job_fail alpha=0.0 seed=0 attempt=1 n_gens=0
0 rc=134 log="logs/phase1_robust_alpha0.0_seed0_attempt1_20260510_125805.log"
[2026-05-10 12:58:53] post_fail_smoke alpha=0.0 seed=0 attempt=1 smoke="SMOKE_PASS"
[2026-05-10 12:58:53] job_start alpha=0.0 seed=0 attempt=2 log="logs/phase1_robust_alpha0.0_seed0_attempt2_20260510_125805.log"
[2026-05-10 12:59:07] job_fail alpha=0.0 seed=0 attempt=2 n_gens=0
0 rc=1 log="logs/phase1_robust_alpha0.0_seed0_attempt2_20260510_125805.log"
[2026-05-10 12:59:38] post_fail_smoke alpha=0.0 seed=0 attempt=2 smoke="SMOKE_PASS"
[2026-05-10 12:59:38] job_start alpha=0.0 seed=0 attempt=3 log="logs/phase1_robust_alpha0.0_seed0_attempt3_20260510_125805.log"
[2026-05-10 12:59:51] job_fail alpha=0.0 seed=0 attempt=3 n_gens=0
0 rc=1 log="logs/phase1_robust_alpha0.0_seed0_attempt3_20260510_125805.log"
[2026-05-10 13:00:21] post_fail_smoke alpha=0.0 seed=0 attempt=3 smoke="SMOKE_PASS"
[2026-05-10 13:00:21] seed_skipped alpha=0.0 seed=0 final_attempt=3 n_completed=0
0
[2026-05-10 13:00:21] job_start alpha=0.0 seed=1 attempt=1 log="logs/phase1_robust_alpha0.0_seed1_attempt1_20260510_125805.log"
[2026-05-10 13:00:34] job_fail alpha=0.0 seed=1 attempt=1 n_gens=0
0 rc=1 log="logs/phase1_robust_alpha0.0_seed1_attempt1_20260510_125805.log"
[2026-05-10 13:01:05] post_fail_smoke alpha=0.0 seed=1 attempt=1 smoke="SMOKE_PASS"
[2026-05-10 13:01:05] job_start alpha=0.0 seed=1 attempt=2 log="logs/phase1_robust_alpha0.0_seed1_attempt2_20260510_125805.log"
[2026-05-10 13:01:17] job_fail alpha=0.0 seed=1 attempt=2 n_gens=0
0 rc=1 log="logs/phase1_robust_alpha0.0_seed1_attempt2_20260510_125805.log"
[2026-05-10 13:01:48] post_fail_smoke alpha=0.0 seed=1 attempt=2 smoke="SMOKE_PASS"
[2026-05-10 13:01:48] job_start alpha=0.0 seed=1 attempt=3 log="logs/phase1_robust_alpha0.0_seed1_attempt3_20260510_125805.log"
[2026-05-10 13:02:53] job_done alpha=0.0 seed=1 attempt=3 n_gens=10 rc=0
[2026-05-10 13:02:53] job_start alpha=0.0 seed=2 attempt=1 log="logs/phase1_robust_alpha0.0_seed2_attempt1_20260510_125805.log"
[2026-05-10 17:37:32] job_done alpha=0.0 seed=2 attempt=1 n_gens=10 rc=0
[2026-05-10 17:37:32] job_start alpha=0.0 seed=3 attempt=1 log="logs/phase1_robust_alpha0.0_seed3_attempt1_20260510_125805.log"
scripts/phase1_robust_chain.sh: 第 62 行： 2761182 已中止               （核心已转储） env HF_ENDPOINT=https://hf-mirror.com HIP_VISIBLE_DEVICES=0 CUDA_VISIBLE_DEVICES=0 .venv/bin/python src/run_arm_b_alpha_scan.py --config configs/cat_arm_b.yaml --alpha "$ALPHA" --seed "$SEED" --num-generations 10 > "$RUN_LOG" 2>&1
[2026-05-10 17:38:52] job_fail alpha=0.0 seed=3 attempt=1 n_gens=0
0 rc=134 log="logs/phase1_robust_alpha0.0_seed3_attempt1_20260510_125805.log"
[2026-05-10 17:39:23] post_fail_smoke alpha=0.0 seed=3 attempt=1 smoke="SMOKE_PASS"
[2026-05-10 17:39:23] job_start alpha=0.0 seed=3 attempt=2 log="logs/phase1_robust_alpha0.0_seed3_attempt2_20260510_125805.log"
[2026-05-10 22:13:27] job_done alpha=0.0 seed=3 attempt=2 n_gens=10 rc=0
[2026-05-10 22:13:27] job_start alpha=0.0 seed=4 attempt=1 log="logs/phase1_robust_alpha0.0_seed4_attempt1_20260510_125805.log"
scripts/phase1_robust_chain.sh: 第 62 行： 2786987 已杀死               env HF_ENDPOINT=https://hf-mirror.com HIP_VISIBLE_DEVICES=0 CUDA_VISIBLE_DEVICES=0 .venv/bin/python src/run_arm_b_alpha_scan.py --config configs/cat_arm_b.yaml --alpha "$ALPHA" --seed "$SEED" --num-generations 10 > "$RUN_LOG" 2>&1
[2026-05-11 09:05:53] job_fail alpha=0.0 seed=4 attempt=1 n_gens=0
0 rc=137 log="logs/phase1_robust_alpha0.0_seed4_attempt1_20260510_125805.log"
[2026-05-11 09:06:24] post_fail_smoke alpha=0.0 seed=4 attempt=1 smoke="SMOKE_PASS"
[2026-05-11 09:06:24] job_start alpha=0.0 seed=4 attempt=2 log="logs/phase1_robust_alpha0.0_seed4_attempt2_20260510_125805.log"
[2026-05-11 13:41:21] job_done alpha=0.0 seed=4 attempt=2 n_gens=10 rc=0
[2026-05-11 13:41:21] job_start alpha=10.0 seed=0 attempt=1 log="logs/phase1_robust_alpha10.0_seed0_attempt1_20260510_125805.log"
scripts/phase1_robust_chain.sh: 第 62 行： 2874224 已杀死               env HF_ENDPOINT=https://hf-mirror.com HIP_VISIBLE_DEVICES=0 CUDA_VISIBLE_DEVICES=0 .venv/bin/python src/run_arm_b_alpha_scan.py --config configs/cat_arm_b.yaml --alpha "$ALPHA" --seed "$SEED" --num-generations 10 > "$RUN_LOG" 2>&1
[2026-05-11 13:49:33] job_fail alpha=10.0 seed=0 attempt=1 n_gens=0
0 rc=137 log="logs/phase1_robust_alpha10.0_seed0_attempt1_20260510_125805.log"
[2026-05-11 13:50:04] post_fail_smoke alpha=10.0 seed=0 attempt=1 smoke="SMOKE_PASS"
[2026-05-11 13:50:04] job_start alpha=10.0 seed=0 attempt=2 log="logs/phase1_robust_alpha10.0_seed0_attempt2_20260510_125805.log"
scripts/phase1_robust_chain.sh: 第 62 行： 2875190 已杀死               env HF_ENDPOINT=https://hf-mirror.com HIP_VISIBLE_DEVICES=0 CUDA_VISIBLE_DEVICES=0 .venv/bin/python src/run_arm_b_alpha_scan.py --config configs/cat_arm_b.yaml --alpha "$ALPHA" --seed "$SEED" --num-generations 10 > "$RUN_LOG" 2>&1
[2026-05-11 13:57:43] job_fail alpha=10.0 seed=0 attempt=2 n_gens=0
0 rc=137 log="logs/phase1_robust_alpha10.0_seed0_attempt2_20260510_125805.log"
[2026-05-11 13:58:14] post_fail_smoke alpha=10.0 seed=0 attempt=2 smoke="SMOKE_PASS"
[2026-05-11 13:58:14] job_start alpha=10.0 seed=0 attempt=3 log="logs/phase1_robust_alpha10.0_seed0_attempt3_20260510_125805.log"
scripts/phase1_robust_chain.sh: 第 62 行： 2876093 已杀死               env HF_ENDPOINT=https://hf-mirror.com HIP_VISIBLE_DEVICES=0 CUDA_VISIBLE_DEVICES=0 .venv/bin/python src/run_arm_b_alpha_scan.py --config configs/cat_arm_b.yaml --alpha "$ALPHA" --seed "$SEED" --num-generations 10 > "$RUN_LOG" 2>&1
[2026-05-11 14:08:54] job_fail alpha=10.0 seed=0 attempt=3 n_gens=1 rc=137 log="logs/phase1_robust_alpha10.0_seed0_attempt3_20260510_125805.log"
[2026-05-11 14:09:25] post_fail_smoke alpha=10.0 seed=0 attempt=3 smoke="SMOKE_PASS"
[2026-05-11 14:09:25] seed_skipped alpha=10.0 seed=0 final_attempt=3 n_completed=1
[2026-05-11 14:09:25] job_start alpha=10.0 seed=1 attempt=1 log="logs/phase1_robust_alpha10.0_seed1_attempt1_20260510_125805.log"
scripts/phase1_robust_chain.sh: 第 62 行： 2877489 已杀死               env HF_ENDPOINT=https://hf-mirror.com HIP_VISIBLE_DEVICES=0 CUDA_VISIBLE_DEVICES=0 .venv/bin/python src/run_arm_b_alpha_scan.py --config configs/cat_arm_b.yaml --alpha "$ALPHA" --seed "$SEED" --num-generations 10 > "$RUN_LOG" 2>&1
[2026-05-11 14:46:04] job_fail alpha=10.0 seed=1 attempt=1 n_gens=1 rc=137 log="logs/phase1_robust_alpha10.0_seed1_attempt1_20260510_125805.log"
[2026-05-11 14:46:35] post_fail_smoke alpha=10.0 seed=1 attempt=1 smoke="SMOKE_PASS"
[2026-05-11 14:46:35] job_start alpha=10.0 seed=1 attempt=2 log="logs/phase1_robust_alpha10.0_seed1_attempt2_20260510_125805.log"
scripts/phase1_robust_chain.sh: 第 62 行： 2881230 已杀死               env HF_ENDPOINT=https://hf-mirror.com HIP_VISIBLE_DEVICES=0 CUDA_VISIBLE_DEVICES=0 .venv/bin/python src/run_arm_b_alpha_scan.py --config configs/cat_arm_b.yaml --alpha "$ALPHA" --seed "$SEED" --num-generations 10 > "$RUN_LOG" 2>&1
[2026-05-11 15:18:14] job_fail alpha=10.0 seed=1 attempt=2 n_gens=1 rc=137 log="logs/phase1_robust_alpha10.0_seed1_attempt2_20260510_125805.log"
[2026-05-11 15:18:45] post_fail_smoke alpha=10.0 seed=1 attempt=2 smoke="SMOKE_PASS"
[2026-05-11 15:18:45] job_start alpha=10.0 seed=1 attempt=3 log="logs/phase1_robust_alpha10.0_seed1_attempt3_20260510_125805.log"
[2026-05-11 19:52:08] job_done alpha=10.0 seed=1 attempt=3 n_gens=10 rc=0
[2026-05-11 19:52:08] job_start alpha=10.0 seed=2 attempt=1 log="logs/phase1_robust_alpha10.0_seed2_attempt1_20260510_125805.log"
scripts/phase1_robust_chain.sh: 第 62 行： 2911885 已杀死               env HF_ENDPOINT=https://hf-mirror.com HIP_VISIBLE_DEVICES=0 CUDA_VISIBLE_DEVICES=0 .venv/bin/python src/run_arm_b_alpha_scan.py --config configs/cat_arm_b.yaml --alpha "$ALPHA" --seed "$SEED" --num-generations 10 > "$RUN_LOG" 2>&1
[2026-05-11 19:59:27] job_fail alpha=10.0 seed=2 attempt=1 n_gens=0
0 rc=137 log="logs/phase1_robust_alpha10.0_seed2_attempt1_20260510_125805.log"
[2026-05-11 19:59:58] post_fail_smoke alpha=10.0 seed=2 attempt=1 smoke="SMOKE_PASS"
[2026-05-11 19:59:58] job_start alpha=10.0 seed=2 attempt=2 log="logs/phase1_robust_alpha10.0_seed2_attempt2_20260510_125805.log"
[2026-05-12 00:38:08] job_done alpha=10.0 seed=2 attempt=2 n_gens=10 rc=0
[2026-05-12 00:38:08] job_start alpha=10.0 seed=3 attempt=1 log="logs/phase1_robust_alpha10.0_seed3_attempt1_20260510_125805.log"
scripts/phase1_robust_chain.sh: 第 62 行： 2940705 已杀死               env HF_ENDPOINT=https://hf-mirror.com HIP_VISIBLE_DEVICES=0 CUDA_VISIBLE_DEVICES=0 .venv/bin/python src/run_arm_b_alpha_scan.py --config configs/cat_arm_b.yaml --alpha "$ALPHA" --seed "$SEED" --num-generations 10 > "$RUN_LOG" 2>&1
[2026-05-12 00:44:40] job_fail alpha=10.0 seed=3 attempt=1 n_gens=0
0 rc=137 log="logs/phase1_robust_alpha10.0_seed3_attempt1_20260510_125805.log"
[2026-05-12 00:45:11] post_fail_smoke alpha=10.0 seed=3 attempt=1 smoke="SMOKE_PASS"
[2026-05-12 00:45:11] job_start alpha=10.0 seed=3 attempt=2 log="logs/phase1_robust_alpha10.0_seed3_attempt2_20260510_125805.log"
scripts/phase1_robust_chain.sh: 第 62 行： 2941500 已杀死               env HF_ENDPOINT=https://hf-mirror.com HIP_VISIBLE_DEVICES=0 CUDA_VISIBLE_DEVICES=0 .venv/bin/python src/run_arm_b_alpha_scan.py --config configs/cat_arm_b.yaml --alpha "$ALPHA" --seed "$SEED" --num-generations 10 > "$RUN_LOG" 2>&1
[2026-05-12 00:54:50] job_fail alpha=10.0 seed=3 attempt=2 n_gens=0
0 rc=137 log="logs/phase1_robust_alpha10.0_seed3_attempt2_20260510_125805.log"
[2026-05-12 00:55:21] post_fail_smoke alpha=10.0 seed=3 attempt=2 smoke="SMOKE_PASS"
[2026-05-12 00:55:21] job_start alpha=10.0 seed=3 attempt=3 log="logs/phase1_robust_alpha10.0_seed3_attempt3_20260510_125805.log"
[2026-05-12 05:28:41] job_done alpha=10.0 seed=3 attempt=3 n_gens=10 rc=0
[2026-05-12 05:28:41] job_start alpha=10.0 seed=4 attempt=1 log="logs/phase1_robust_alpha10.0_seed4_attempt1_20260510_125805.log"
[2026-05-12 10:05:28] job_done alpha=10.0 seed=4 attempt=1 n_gens=10 rc=0
[2026-05-12 10:05:29] chain_done audit="logs/phase1_robust_20260510_125805.audit.jsonl"
